// Jest Snapshot v1, https://goo.gl/fbAQLP

exports[`getAggregatableFields getAggregatableFields when useLensCompatibleFields = false 1`] = `
Array [
  Object {
    "label": "@timestamp",
    "value": "@timestamp",
  },
]
`;
