// Jest Snapshot v1, https://goo.gl/fbAQLP

exports[`Custom Links External Link it renders correct comma for the last item 1`] = `
.c0 {
  position: relative;
  top: -2px;
  margin-left: 5px;
}

<ExternalLink
  allItemsLimit={5}
  idx={4}
  overflowIndexStart={5}
  url="https://www.virustotal.com/gui/search/"
>
  <EuiToolTip
    content="https://www.virustotal.com/gui/search/"
    delay="regular"
    position="top"
  >
    <span
      className="euiToolTipAnchor"
      onMouseOut={[Function]}
      onMouseOver={[Function]}
    >
      <EuiLink
        href="https://www.virustotal.com/gui/search/"
        onBlur={[Function]}
        onFocus={[Function]}
        rel="noopener"
        target="_blank"
      >
        <a
          className="euiLink euiLink--primary"
          href="https://www.virustotal.com/gui/search/"
          onBlur={[Function]}
          onFocus={[Function]}
          rel="noopener noreferrer"
          target="_blank"
        >
          Link
          <ExternalLinkIcon>
            <LinkIconWithMargin
              color="subdued"
              data-test-subj="external-link-icon"
              size="s"
              type="popout"
            >
              <EuiIcon
                className="sc-fzXfMz c0"
                color="subdued"
                data-test-subj="external-link-icon"
                size="s"
                type="popout"
              >
                <EuiIconEmpty
                  aria-hidden={true}
                  className="euiIcon euiIcon--small euiIcon--subdued euiIcon-isLoading sc-fzXfMz c0"
                  data-test-subj="external-link-icon"
                  focusable="false"
                  role="img"
                  style={null}
                >
                  <svg
                    aria-hidden={true}
                    className="euiIcon euiIcon--small euiIcon--subdued euiIcon-isLoading sc-fzXfMz c0"
                    data-test-subj="external-link-icon"
                    focusable="false"
                    height={16}
                    role="img"
                    style={null}
                    viewBox="0 0 16 16"
                    width={16}
                    xmlns="http://www.w3.org/2000/svg"
                  />
                </EuiIconEmpty>
              </EuiIcon>
            </LinkIconWithMargin>
          </ExternalLinkIcon>
        </a>
      </EuiLink>
    </span>
  </EuiToolTip>
</ExternalLink>
`;

exports[`Custom Links ReputationLink links property it renders customized link text 1`] = `
.c1 {
  position: relative;
  top: -2px;
  margin-left: 5px;
}

.c2 {
  margin-right: 5px;
  margin-left: 5px;
}

.c2::after {
  content: ' ,';
}

.c0 {
  -webkit-flex-direction: row;
  -ms-flex-direction: row;
  flex-direction: row;
  -webkit-box-pack: center;
  -webkit-justify-content: center;
  -ms-flex-pack: center;
  justify-content: center;
  -webkit-align-items: center;
  -webkit-box-align: center;
  -ms-flex-align: center;
  align-items: center;
}

<Memo(ReputationLinkComponent)
  domain="192.0.2.0"
  intl={
    Object {
      "defaultFormats": Object {},
      "defaultLocale": "en",
      "formatDate": [Function],
      "formatHTMLMessage": [Function],
      "formatMessage": [Function],
      "formatNumber": [Function],
      "formatPlural": [Function],
      "formatRelative": [Function],
      "formatTime": [Function],
      "formats": Object {
        "date": Object {
          "full": Object {
            "day": "numeric",
            "month": "long",
            "weekday": "long",
            "year": "numeric",
          },
          "long": Object {
            "day": "numeric",
            "month": "long",
            "year": "numeric",
          },
          "medium": Object {
            "day": "numeric",
            "month": "short",
            "year": "numeric",
          },
          "short": Object {
            "day": "numeric",
            "month": "numeric",
            "year": "2-digit",
          },
        },
        "number": Object {
          "currency": Object {
            "style": "currency",
          },
          "percent": Object {
            "style": "percent",
          },
        },
        "relative": Object {
          "days": Object {
            "units": "day",
          },
          "hours": Object {
            "units": "hour",
          },
          "minutes": Object {
            "units": "minute",
          },
          "months": Object {
            "units": "month",
          },
          "seconds": Object {
            "units": "second",
          },
          "years": Object {
            "units": "year",
          },
        },
        "time": Object {
          "full": Object {
            "hour": "numeric",
            "minute": "numeric",
            "second": "numeric",
            "timeZoneName": "short",
          },
          "long": Object {
            "hour": "numeric",
            "minute": "numeric",
            "second": "numeric",
            "timeZoneName": "short",
          },
          "medium": Object {
            "hour": "numeric",
            "minute": "numeric",
            "second": "numeric",
          },
          "short": Object {
            "hour": "numeric",
            "minute": "numeric",
          },
        },
      },
      "formatters": Object {
        "getDateTimeFormat": [Function],
        "getMessageFormat": [Function],
        "getNumberFormat": [Function],
        "getPluralFormat": [Function],
        "getRelativeFormat": [Function],
      },
      "locale": "en",
      "messages": Object {},
      "now": [Function],
      "onError": [Function],
      "textComponent": Symbol(react.fragment),
      "timeZone": null,
    }
  }
>
  <EuiFlexGroup
    gutterSize="none"
  >
    <div
      className="euiFlexGroup euiFlexGroup--directionRow euiFlexGroup--responsive"
    >
      <AlignedFlexItem
        grow={true}
      >
        <EuiFlexItem
          className="c0"
          grow={true}
        >
          <div
            className="euiFlexItem c0"
          >
            <ExternalLink
              allItemsLimit={5}
              idx={0}
              key="reputationLink-0"
              overflowIndexStart={5}
              url="https://www.virustotal.com/gui/search/192.0.2.0"
            >
              <EuiToolTip
                content="https://www.virustotal.com/gui/search/192.0.2.0"
                delay="regular"
                position="top"
              >
                <span
                  className="euiToolTipAnchor"
                  onMouseOut={[Function]}
                  onMouseOver={[Function]}
                >
                  <EuiLink
                    href="https://www.virustotal.com/gui/search/192.0.2.0"
                    onBlur={[Function]}
                    onFocus={[Function]}
                    rel="noopener"
                    target="_blank"
                  >
                    <a
                      className="euiLink euiLink--primary"
                      href="https://www.virustotal.com/gui/search/192.0.2.0"
                      onBlur={[Function]}
                      onFocus={[Function]}
                      rel="noopener noreferrer"
                      target="_blank"
                    >
                      Link 1
                      <ExternalLinkIcon>
                        <LinkIconWithMargin
                          color="subdued"
                          data-test-subj="external-link-icon"
                          size="s"
                          type="popout"
                        >
                          <EuiIcon
                            className="sc-fzXfMz c1"
                            color="subdued"
                            data-test-subj="external-link-icon"
                            size="s"
                            type="popout"
                          >
                            <EuiIconEmpty
                              aria-hidden={true}
                              className="euiIcon euiIcon--small euiIcon--subdued euiIcon-isLoading sc-fzXfMz c1"
                              data-test-subj="external-link-icon"
                              focusable="false"
                              role="img"
                              style={null}
                            >
                              <svg
                                aria-hidden={true}
                                className="euiIcon euiIcon--small euiIcon--subdued euiIcon-isLoading sc-fzXfMz c1"
                                data-test-subj="external-link-icon"
                                focusable="false"
                                height={16}
                                role="img"
                                style={null}
                                viewBox="0 0 16 16"
                                width={16}
                                xmlns="http://www.w3.org/2000/svg"
                              />
                            </EuiIconEmpty>
                          </EuiIcon>
                        </LinkIconWithMargin>
                      </ExternalLinkIcon>
                      <Comma>
                        <span
                          className="c2"
                        />
                      </Comma>
                    </a>
                  </EuiLink>
                </span>
              </EuiToolTip>
            </ExternalLink>
            <ExternalLink
              allItemsLimit={5}
              idx={1}
              key="reputationLink-1"
              overflowIndexStart={5}
              url="https://talosintelligence.com/reputation_center/lookup?search=192.0.2.0"
            >
              <EuiToolTip
                content="https://talosintelligence.com/reputation_center/lookup?search=192.0.2.0"
                delay="regular"
                position="top"
              >
                <span
                  className="euiToolTipAnchor"
                  onMouseOut={[Function]}
                  onMouseOver={[Function]}
                >
                  <EuiLink
                    href="https://talosintelligence.com/reputation_center/lookup?search=192.0.2.0"
                    onBlur={[Function]}
                    onFocus={[Function]}
                    rel="noopener"
                    target="_blank"
                  >
                    <a
                      className="euiLink euiLink--primary"
                      href="https://talosintelligence.com/reputation_center/lookup?search=192.0.2.0"
                      onBlur={[Function]}
                      onFocus={[Function]}
                      rel="noopener noreferrer"
                      target="_blank"
                    >
                      Link 2
                      <ExternalLinkIcon>
                        <LinkIconWithMargin
                          color="subdued"
                          data-test-subj="external-link-icon"
                          size="s"
                          type="popout"
                        >
                          <EuiIcon
                            className="sc-fzXfMz c1"
                            color="subdued"
                            data-test-subj="external-link-icon"
                            size="s"
                            type="popout"
                          >
                            <EuiIconEmpty
                              aria-hidden={true}
                              className="euiIcon euiIcon--small euiIcon--subdued euiIcon-isLoading sc-fzXfMz c1"
                              data-test-subj="external-link-icon"
                              focusable="false"
                              role="img"
                              style={null}
                            >
                              <svg
                                aria-hidden={true}
                                className="euiIcon euiIcon--small euiIcon--subdued euiIcon-isLoading sc-fzXfMz c1"
                                data-test-subj="external-link-icon"
                                focusable="false"
                                height={16}
                                role="img"
                                style={null}
                                viewBox="0 0 16 16"
                                width={16}
                                xmlns="http://www.w3.org/2000/svg"
                              />
                            </EuiIconEmpty>
                          </EuiIcon>
                        </LinkIconWithMargin>
                      </ExternalLinkIcon>
                      <Comma>
                        <span
                          className="c2"
                        />
                      </Comma>
                    </a>
                  </EuiLink>
                </span>
              </EuiToolTip>
            </ExternalLink>
            <ExternalLink
              allItemsLimit={5}
              idx={2}
              key="reputationLink-2"
              overflowIndexStart={5}
              url="https://www.virustotal.com/gui/search/192.0.2.0"
            >
              <EuiToolTip
                content="https://www.virustotal.com/gui/search/192.0.2.0"
                delay="regular"
                position="top"
              >
                <span
                  className="euiToolTipAnchor"
                  onMouseOut={[Function]}
                  onMouseOver={[Function]}
                >
                  <EuiLink
                    href="https://www.virustotal.com/gui/search/192.0.2.0"
                    onBlur={[Function]}
                    onFocus={[Function]}
                    rel="noopener"
                    target="_blank"
                  >
                    <a
                      className="euiLink euiLink--primary"
                      href="https://www.virustotal.com/gui/search/192.0.2.0"
                      onBlur={[Function]}
                      onFocus={[Function]}
                      rel="noopener noreferrer"
                      target="_blank"
                    >
                      Link 3
                      <ExternalLinkIcon>
                        <LinkIconWithMargin
                          color="subdued"
                          data-test-subj="external-link-icon"
                          size="s"
                          type="popout"
                        >
                          <EuiIcon
                            className="sc-fzXfMz c1"
                            color="subdued"
                            data-test-subj="external-link-icon"
                            size="s"
                            type="popout"
                          >
                            <EuiIconEmpty
                              aria-hidden={true}
                              className="euiIcon euiIcon--small euiIcon--subdued euiIcon-isLoading sc-fzXfMz c1"
                              data-test-subj="external-link-icon"
                              focusable="false"
                              role="img"
                              style={null}
                            >
                              <svg
                                aria-hidden={true}
                                className="euiIcon euiIcon--small euiIcon--subdued euiIcon-isLoading sc-fzXfMz c1"
                                data-test-subj="external-link-icon"
                                focusable="false"
                                height={16}
                                role="img"
                                style={null}
                                viewBox="0 0 16 16"
                                width={16}
                                xmlns="http://www.w3.org/2000/svg"
                              />
                            </EuiIconEmpty>
                          </EuiIcon>
                        </LinkIconWithMargin>
                      </ExternalLinkIcon>
                      <Comma>
                        <span
                          className="c2"
                        />
                      </Comma>
                    </a>
                  </EuiLink>
                </span>
              </EuiToolTip>
            </ExternalLink>
            <ExternalLink
              allItemsLimit={5}
              idx={3}
              key="reputationLink-3"
              overflowIndexStart={5}
              url="https://talosintelligence.com/reputation_center/lookup?search=192.0.2.0"
            >
              <EuiToolTip
                content="https://talosintelligence.com/reputation_center/lookup?search=192.0.2.0"
                delay="regular"
                position="top"
              >
                <span
                  className="euiToolTipAnchor"
                  onMouseOut={[Function]}
                  onMouseOver={[Function]}
                >
                  <EuiLink
                    href="https://talosintelligence.com/reputation_center/lookup?search=192.0.2.0"
                    onBlur={[Function]}
                    onFocus={[Function]}
                    rel="noopener"
                    target="_blank"
                  >
                    <a
                      className="euiLink euiLink--primary"
                      href="https://talosintelligence.com/reputation_center/lookup?search=192.0.2.0"
                      onBlur={[Function]}
                      onFocus={[Function]}
                      rel="noopener noreferrer"
                      target="_blank"
                    >
                      Link 4
                      <ExternalLinkIcon>
                        <LinkIconWithMargin
                          color="subdued"
                          data-test-subj="external-link-icon"
                          size="s"
                          type="popout"
                        >
                          <EuiIcon
                            className="sc-fzXfMz c1"
                            color="subdued"
                            data-test-subj="external-link-icon"
                            size="s"
                            type="popout"
                          >
                            <EuiIconEmpty
                              aria-hidden={true}
                              className="euiIcon euiIcon--small euiIcon--subdued euiIcon-isLoading sc-fzXfMz c1"
                              data-test-subj="external-link-icon"
                              focusable="false"
                              role="img"
                              style={null}
                            >
                              <svg
                                aria-hidden={true}
                                className="euiIcon euiIcon--small euiIcon--subdued euiIcon-isLoading sc-fzXfMz c1"
                                data-test-subj="external-link-icon"
                                focusable="false"
                                height={16}
                                role="img"
                                style={null}
                                viewBox="0 0 16 16"
                                width={16}
                                xmlns="http://www.w3.org/2000/svg"
                              />
                            </EuiIconEmpty>
                          </EuiIcon>
                        </LinkIconWithMargin>
                      </ExternalLinkIcon>
                      <Comma>
                        <span
                          className="c2"
                        />
                      </Comma>
                    </a>
                  </EuiLink>
                </span>
              </EuiToolTip>
            </ExternalLink>
            <ExternalLink
              allItemsLimit={5}
              idx={4}
              key="reputationLink-4"
              overflowIndexStart={5}
              url="https://www.virustotal.com/gui/search/192.0.2.0"
            >
              <EuiToolTip
                content="https://www.virustotal.com/gui/search/192.0.2.0"
                delay="regular"
                position="top"
              >
                <span
                  className="euiToolTipAnchor"
                  onMouseOut={[Function]}
                  onMouseOver={[Function]}
                >
                  <EuiLink
                    href="https://www.virustotal.com/gui/search/192.0.2.0"
                    onBlur={[Function]}
                    onFocus={[Function]}
                    rel="noopener"
                    target="_blank"
                  >
                    <a
                      className="euiLink euiLink--primary"
                      href="https://www.virustotal.com/gui/search/192.0.2.0"
                      onBlur={[Function]}
                      onFocus={[Function]}
                      rel="noopener noreferrer"
                      target="_blank"
                    >
                      Link 5
                      <ExternalLinkIcon>
                        <LinkIconWithMargin
                          color="subdued"
                          data-test-subj="external-link-icon"
                          size="s"
                          type="popout"
                        >
                          <EuiIcon
                            className="sc-fzXfMz c1"
                            color="subdued"
                            data-test-subj="external-link-icon"
                            size="s"
                            type="popout"
                          >
                            <EuiIconEmpty
                              aria-hidden={true}
                              className="euiIcon euiIcon--small euiIcon--subdued euiIcon-isLoading sc-fzXfMz c1"
                              data-test-subj="external-link-icon"
                              focusable="false"
                              role="img"
                              style={null}
                            >
                              <svg
                                aria-hidden={true}
                                className="euiIcon euiIcon--small euiIcon--subdued euiIcon-isLoading sc-fzXfMz c1"
                                data-test-subj="external-link-icon"
                                focusable="false"
                                height={16}
                                role="img"
                                style={null}
                                viewBox="0 0 16 16"
                                width={16}
                                xmlns="http://www.w3.org/2000/svg"
                              />
                            </EuiIconEmpty>
                          </EuiIcon>
                        </LinkIconWithMargin>
                      </ExternalLinkIcon>
                    </a>
                  </EuiLink>
                </span>
              </EuiToolTip>
            </ExternalLink>
          </div>
        </EuiFlexItem>
      </AlignedFlexItem>
      <AlignedFlexItem
        grow={false}
      >
        <EuiFlexItem
          className="c0"
          grow={false}
        >
          <div
            className="euiFlexItem euiFlexItem--flexGrowZero c0"
          >
            <DefaultFieldRendererOverflow
              idPrefix="moreReputationLink"
              moreMaxHeight="200px"
              overflowIndexStart={5}
              render={[Function]}
              rowItems={
                Array [
                  Object {
                    "name": "Link 1",
                    "url_template": "https://www.virustotal.com/gui/search/192.0.2.0",
                  },
                  Object {
                    "name": "Link 2",
                    "url_template": "https://talosintelligence.com/reputation_center/lookup?search=192.0.2.0",
                  },
                  Object {
                    "name": "Link 3",
                    "url_template": "https://www.virustotal.com/gui/search/192.0.2.0",
                  },
                  Object {
                    "name": "Link 4",
                    "url_template": "https://talosintelligence.com/reputation_center/lookup?search=192.0.2.0",
                  },
                  Object {
                    "name": "Link 5",
                    "url_template": "https://www.virustotal.com/gui/search/192.0.2.0",
                  },
                ]
              }
            >
              <EuiFlexItem
                grow={false}
              >
                <div
                  className="euiFlexItem euiFlexItem--flexGrowZero"
                />
              </EuiFlexItem>
            </DefaultFieldRendererOverflow>
          </div>
        </EuiFlexItem>
      </AlignedFlexItem>
    </div>
  </EuiFlexGroup>
</Memo(ReputationLinkComponent)>
`;
