// Jest Snapshot v1, https://goo.gl/fbAQLP

exports[`Hosts Table rendering it renders the default Hosts table 1`] = `null`;
